

================================================================
== Vitis HLS Report for 'fir_wrap_Pipeline_VITIS_LOOP_41_1'
================================================================
* Date:           Tue Aug  9 16:07:01 2022

* Version:        2021.1 (Build 3247384 on Thu Jun 10 19:36:33 MDT 2021)
* Project:        fir_hls_prj
* Solution:       solution1 (Vivado IP Flow Target)
* Product family: zynq
* Target device:  xc7z020-clg484-1


================================================================
== Performance Estimates
================================================================
+ Timing: 
    * Summary: 
    +--------+----------+----------+------------+
    |  Clock |  Target  | Estimated| Uncertainty|
    +--------+----------+----------+------------+
    |ap_clk  |  10.00 ns|  7.300 ns|     2.70 ns|
    +--------+----------+----------+------------+

+ Latency: 
    * Summary: 
    +---------+---------+----------+----------+-----+-----+---------+
    |  Latency (cycles) |  Latency (absolute) |  Interval | Pipeline|
    |   min   |   max   |    min   |    max   | min | max |   Type  |
    +---------+---------+----------+----------+-----+-----+---------+
    |      101|      101|  1.010 us|  1.010 us|  101|  101|       no|
    +---------+---------+----------+----------+-----+-----+---------+

    + Detail: 
        * Instance: 
        N/A

        * Loop: 
        +-------------------+---------+---------+----------+-----------+-----------+------+----------+
        |                   |  Latency (cycles) | Iteration|  Initiation Interval  | Trip |          |
        |     Loop Name     |   min   |   max   |  Latency |  achieved |   target  | Count| Pipelined|
        +-------------------+---------+---------+----------+-----------+-----------+------+----------+
        |- VITIS_LOOP_41_1  |       99|       99|         2|          1|          1|    99|       yes|
        +-------------------+---------+---------+----------+-----------+-----------+------+----------+



================================================================
== Utilization Estimates
================================================================
* Summary: 
+-----------------+---------+-----+--------+-------+-----+
|       Name      | BRAM_18K| DSP |   FF   |  LUT  | URAM|
+-----------------+---------+-----+--------+-------+-----+
|DSP              |        -|    -|       -|      -|    -|
|Expression       |        -|    -|       0|     28|    -|
|FIFO             |        -|    -|       -|      -|    -|
|Instance         |        -|    -|       -|      -|    -|
|Memory           |        -|    -|       -|      -|    -|
|Multiplexer      |        -|    -|       -|     45|    -|
|Register         |        -|    -|      17|      -|    -|
+-----------------+---------+-----+--------+-------+-----+
|Total            |        0|    0|      17|     73|    0|
+-----------------+---------+-----+--------+-------+-----+
|Available        |      280|  220|  106400|  53200|    0|
+-----------------+---------+-----+--------+-------+-----+
|Utilization (%)  |        0|    0|      ~0|     ~0|    0|
+-----------------+---------+-----+--------+-------+-----+

+ Detail: 
    * Instance: 
    N/A

    * DSP: 
    N/A

    * Memory: 
    N/A

    * FIFO: 
    N/A

    * Expression: 
    +---------------------------+----------+----+---+----+------------+------------+
    |       Variable Name       | Operation| DSP| FF| LUT| Bitwidth P0| Bitwidth P1|
    +---------------------------+----------+----+---+----+------------+------------+
    |add_ln41_fu_471_p2         |         +|   0|  0|  14|           7|           1|
    |ap_block_pp0_stage0_01001  |       and|   0|  0|   2|           1|           1|
    |icmp_ln41_fu_465_p2        |      icmp|   0|  0|  10|           7|           6|
    |ap_enable_pp0              |       xor|   0|  0|   2|           1|           2|
    +---------------------------+----------+----+---+----+------------+------------+
    |Total                      |          |   0|  0|  28|          16|          10|
    +---------------------------+----------+----+---+----+------------+------------+

    * Multiplexer: 
    +-------------------------+----+-----------+-----+-----------+
    |           Name          | LUT| Input Size| Bits| Total Bits|
    +-------------------------+----+-----------+-----+-----------+
    |ap_done_int              |   9|          2|    1|          2|
    |ap_enable_reg_pp0_iter1  |   9|          2|    1|          2|
    |ap_sig_allocacmp_i_3     |   9|          2|    7|         14|
    |gmem_blk_n_R             |   9|          2|    1|          2|
    |i_fu_432                 |   9|          2|    7|         14|
    +-------------------------+----+-----------+-----+-----------+
    |Total                    |  45|         10|   17|         34|
    +-------------------------+----+-----------+-----+-----------+

    * Register: 
    +-------------------------+---+----+-----+-----------+
    |           Name          | FF| LUT| Bits| Const Bits|
    +-------------------------+---+----+-----+-----------+
    |ap_CS_fsm                |  1|   0|    1|          0|
    |ap_done_reg              |  1|   0|    1|          0|
    |ap_enable_reg_pp0_iter1  |  1|   0|    1|          0|
    |i_3_reg_1083             |  7|   0|    7|          0|
    |i_fu_432                 |  7|   0|    7|          0|
    +-------------------------+---+----+-----+-----------+
    |Total                    | 17|   0|   17|          0|
    +-------------------------+---+----+-----+-----------+



================================================================
== Interface
================================================================
* Summary: 
+---------------------+-----+-----+------------+-----------------------------------+--------------+
|      RTL Ports      | Dir | Bits|  Protocol  |           Source Object           |    C Type    |
+---------------------+-----+-----+------------+-----------------------------------+--------------+
|ap_clk               |   in|    1|  ap_ctrl_hs|  fir_wrap_Pipeline_VITIS_LOOP_41_1|  return value|
|ap_rst               |   in|    1|  ap_ctrl_hs|  fir_wrap_Pipeline_VITIS_LOOP_41_1|  return value|
|ap_start             |   in|    1|  ap_ctrl_hs|  fir_wrap_Pipeline_VITIS_LOOP_41_1|  return value|
|ap_done              |  out|    1|  ap_ctrl_hs|  fir_wrap_Pipeline_VITIS_LOOP_41_1|  return value|
|ap_idle              |  out|    1|  ap_ctrl_hs|  fir_wrap_Pipeline_VITIS_LOOP_41_1|  return value|
|ap_ready             |  out|    1|  ap_ctrl_hs|  fir_wrap_Pipeline_VITIS_LOOP_41_1|  return value|
|m_axi_gmem_AWVALID   |  out|    1|       m_axi|                               gmem|       pointer|
|m_axi_gmem_AWREADY   |   in|    1|       m_axi|                               gmem|       pointer|
|m_axi_gmem_AWADDR    |  out|   64|       m_axi|                               gmem|       pointer|
|m_axi_gmem_AWID      |  out|    1|       m_axi|                               gmem|       pointer|
|m_axi_gmem_AWLEN     |  out|   32|       m_axi|                               gmem|       pointer|
|m_axi_gmem_AWSIZE    |  out|    3|       m_axi|                               gmem|       pointer|
|m_axi_gmem_AWBURST   |  out|    2|       m_axi|                               gmem|       pointer|
|m_axi_gmem_AWLOCK    |  out|    2|       m_axi|                               gmem|       pointer|
|m_axi_gmem_AWCACHE   |  out|    4|       m_axi|                               gmem|       pointer|
|m_axi_gmem_AWPROT    |  out|    3|       m_axi|                               gmem|       pointer|
|m_axi_gmem_AWQOS     |  out|    4|       m_axi|                               gmem|       pointer|
|m_axi_gmem_AWREGION  |  out|    4|       m_axi|                               gmem|       pointer|
|m_axi_gmem_AWUSER    |  out|    1|       m_axi|                               gmem|       pointer|
|m_axi_gmem_WVALID    |  out|    1|       m_axi|                               gmem|       pointer|
|m_axi_gmem_WREADY    |   in|    1|       m_axi|                               gmem|       pointer|
|m_axi_gmem_WDATA     |  out|   32|       m_axi|                               gmem|       pointer|
|m_axi_gmem_WSTRB     |  out|    4|       m_axi|                               gmem|       pointer|
|m_axi_gmem_WLAST     |  out|    1|       m_axi|                               gmem|       pointer|
|m_axi_gmem_WID       |  out|    1|       m_axi|                               gmem|       pointer|
|m_axi_gmem_WUSER     |  out|    1|       m_axi|                               gmem|       pointer|
|m_axi_gmem_ARVALID   |  out|    1|       m_axi|                               gmem|       pointer|
|m_axi_gmem_ARREADY   |   in|    1|       m_axi|                               gmem|       pointer|
|m_axi_gmem_ARADDR    |  out|   64|       m_axi|                               gmem|       pointer|
|m_axi_gmem_ARID      |  out|    1|       m_axi|                               gmem|       pointer|
|m_axi_gmem_ARLEN     |  out|   32|       m_axi|                               gmem|       pointer|
|m_axi_gmem_ARSIZE    |  out|    3|       m_axi|                               gmem|       pointer|
|m_axi_gmem_ARBURST   |  out|    2|       m_axi|                               gmem|       pointer|
|m_axi_gmem_ARLOCK    |  out|    2|       m_axi|                               gmem|       pointer|
|m_axi_gmem_ARCACHE   |  out|    4|       m_axi|                               gmem|       pointer|
|m_axi_gmem_ARPROT    |  out|    3|       m_axi|                               gmem|       pointer|
|m_axi_gmem_ARQOS     |  out|    4|       m_axi|                               gmem|       pointer|
|m_axi_gmem_ARREGION  |  out|    4|       m_axi|                               gmem|       pointer|
|m_axi_gmem_ARUSER    |  out|    1|       m_axi|                               gmem|       pointer|
|m_axi_gmem_RVALID    |   in|    1|       m_axi|                               gmem|       pointer|
|m_axi_gmem_RREADY    |  out|    1|       m_axi|                               gmem|       pointer|
|m_axi_gmem_RDATA     |   in|   32|       m_axi|                               gmem|       pointer|
|m_axi_gmem_RLAST     |   in|    1|       m_axi|                               gmem|       pointer|
|m_axi_gmem_RID       |   in|    1|       m_axi|                               gmem|       pointer|
|m_axi_gmem_RUSER     |   in|    1|       m_axi|                               gmem|       pointer|
|m_axi_gmem_RRESP     |   in|    2|       m_axi|                               gmem|       pointer|
|m_axi_gmem_BVALID    |   in|    1|       m_axi|                               gmem|       pointer|
|m_axi_gmem_BREADY    |  out|    1|       m_axi|                               gmem|       pointer|
|m_axi_gmem_BRESP     |   in|    2|       m_axi|                               gmem|       pointer|
|m_axi_gmem_BID       |   in|    1|       m_axi|                               gmem|       pointer|
|m_axi_gmem_BUSER     |   in|    1|       m_axi|                               gmem|       pointer|
|sext_ln41            |   in|   62|     ap_none|                          sext_ln41|        scalar|
|c_0                  |  out|   32|      ap_vld|                                c_0|       pointer|
|c_0_ap_vld           |  out|    1|      ap_vld|                                c_0|       pointer|
|c_1                  |  out|   32|      ap_vld|                                c_1|       pointer|
|c_1_ap_vld           |  out|    1|      ap_vld|                                c_1|       pointer|
|c_2                  |  out|   32|      ap_vld|                                c_2|       pointer|
|c_2_ap_vld           |  out|    1|      ap_vld|                                c_2|       pointer|
|c_3                  |  out|   32|      ap_vld|                                c_3|       pointer|
|c_3_ap_vld           |  out|    1|      ap_vld|                                c_3|       pointer|
|c_4                  |  out|   32|      ap_vld|                                c_4|       pointer|
|c_4_ap_vld           |  out|    1|      ap_vld|                                c_4|       pointer|
|c_5                  |  out|   32|      ap_vld|                                c_5|       pointer|
|c_5_ap_vld           |  out|    1|      ap_vld|                                c_5|       pointer|
|c_6                  |  out|   32|      ap_vld|                                c_6|       pointer|
|c_6_ap_vld           |  out|    1|      ap_vld|                                c_6|       pointer|
|c_7                  |  out|   32|      ap_vld|                                c_7|       pointer|
|c_7_ap_vld           |  out|    1|      ap_vld|                                c_7|       pointer|
|c_8                  |  out|   32|      ap_vld|                                c_8|       pointer|
|c_8_ap_vld           |  out|    1|      ap_vld|                                c_8|       pointer|
|c_9                  |  out|   32|      ap_vld|                                c_9|       pointer|
|c_9_ap_vld           |  out|    1|      ap_vld|                                c_9|       pointer|
|c_10                 |  out|   32|      ap_vld|                               c_10|       pointer|
|c_10_ap_vld          |  out|    1|      ap_vld|                               c_10|       pointer|
|c_11                 |  out|   32|      ap_vld|                               c_11|       pointer|
|c_11_ap_vld          |  out|    1|      ap_vld|                               c_11|       pointer|
|c_12                 |  out|   32|      ap_vld|                               c_12|       pointer|
|c_12_ap_vld          |  out|    1|      ap_vld|                               c_12|       pointer|
|c_13                 |  out|   32|      ap_vld|                               c_13|       pointer|
|c_13_ap_vld          |  out|    1|      ap_vld|                               c_13|       pointer|
|c_14                 |  out|   32|      ap_vld|                               c_14|       pointer|
|c_14_ap_vld          |  out|    1|      ap_vld|                               c_14|       pointer|
|c_15                 |  out|   32|      ap_vld|                               c_15|       pointer|
|c_15_ap_vld          |  out|    1|      ap_vld|                               c_15|       pointer|
|c_16                 |  out|   32|      ap_vld|                               c_16|       pointer|
|c_16_ap_vld          |  out|    1|      ap_vld|                               c_16|       pointer|
|c_17                 |  out|   32|      ap_vld|                               c_17|       pointer|
|c_17_ap_vld          |  out|    1|      ap_vld|                               c_17|       pointer|
|c_18                 |  out|   32|      ap_vld|                               c_18|       pointer|
|c_18_ap_vld          |  out|    1|      ap_vld|                               c_18|       pointer|
|c_19                 |  out|   32|      ap_vld|                               c_19|       pointer|
|c_19_ap_vld          |  out|    1|      ap_vld|                               c_19|       pointer|
|c_20                 |  out|   32|      ap_vld|                               c_20|       pointer|
|c_20_ap_vld          |  out|    1|      ap_vld|                               c_20|       pointer|
|c_21                 |  out|   32|      ap_vld|                               c_21|       pointer|
|c_21_ap_vld          |  out|    1|      ap_vld|                               c_21|       pointer|
|c_22                 |  out|   32|      ap_vld|                               c_22|       pointer|
|c_22_ap_vld          |  out|    1|      ap_vld|                               c_22|       pointer|
|c_23                 |  out|   32|      ap_vld|                               c_23|       pointer|
|c_23_ap_vld          |  out|    1|      ap_vld|                               c_23|       pointer|
|c_24                 |  out|   32|      ap_vld|                               c_24|       pointer|
|c_24_ap_vld          |  out|    1|      ap_vld|                               c_24|       pointer|
|c_25                 |  out|   32|      ap_vld|                               c_25|       pointer|
|c_25_ap_vld          |  out|    1|      ap_vld|                               c_25|       pointer|
|c_26                 |  out|   32|      ap_vld|                               c_26|       pointer|
|c_26_ap_vld          |  out|    1|      ap_vld|                               c_26|       pointer|
|c_27                 |  out|   32|      ap_vld|                               c_27|       pointer|
|c_27_ap_vld          |  out|    1|      ap_vld|                               c_27|       pointer|
|c_28                 |  out|   32|      ap_vld|                               c_28|       pointer|
|c_28_ap_vld          |  out|    1|      ap_vld|                               c_28|       pointer|
|c_29                 |  out|   32|      ap_vld|                               c_29|       pointer|
|c_29_ap_vld          |  out|    1|      ap_vld|                               c_29|       pointer|
|c_30                 |  out|   32|      ap_vld|                               c_30|       pointer|
|c_30_ap_vld          |  out|    1|      ap_vld|                               c_30|       pointer|
|c_31                 |  out|   32|      ap_vld|                               c_31|       pointer|
|c_31_ap_vld          |  out|    1|      ap_vld|                               c_31|       pointer|
|c_32                 |  out|   32|      ap_vld|                               c_32|       pointer|
|c_32_ap_vld          |  out|    1|      ap_vld|                               c_32|       pointer|
|c_33                 |  out|   32|      ap_vld|                               c_33|       pointer|
|c_33_ap_vld          |  out|    1|      ap_vld|                               c_33|       pointer|
|c_34                 |  out|   32|      ap_vld|                               c_34|       pointer|
|c_34_ap_vld          |  out|    1|      ap_vld|                               c_34|       pointer|
|c_35                 |  out|   32|      ap_vld|                               c_35|       pointer|
|c_35_ap_vld          |  out|    1|      ap_vld|                               c_35|       pointer|
|c_36                 |  out|   32|      ap_vld|                               c_36|       pointer|
|c_36_ap_vld          |  out|    1|      ap_vld|                               c_36|       pointer|
|c_37                 |  out|   32|      ap_vld|                               c_37|       pointer|
|c_37_ap_vld          |  out|    1|      ap_vld|                               c_37|       pointer|
|c_38                 |  out|   32|      ap_vld|                               c_38|       pointer|
|c_38_ap_vld          |  out|    1|      ap_vld|                               c_38|       pointer|
|c_39                 |  out|   32|      ap_vld|                               c_39|       pointer|
|c_39_ap_vld          |  out|    1|      ap_vld|                               c_39|       pointer|
|c_40                 |  out|   32|      ap_vld|                               c_40|       pointer|
|c_40_ap_vld          |  out|    1|      ap_vld|                               c_40|       pointer|
|c_41                 |  out|   32|      ap_vld|                               c_41|       pointer|
|c_41_ap_vld          |  out|    1|      ap_vld|                               c_41|       pointer|
|c_42                 |  out|   32|      ap_vld|                               c_42|       pointer|
|c_42_ap_vld          |  out|    1|      ap_vld|                               c_42|       pointer|
|c_43                 |  out|   32|      ap_vld|                               c_43|       pointer|
|c_43_ap_vld          |  out|    1|      ap_vld|                               c_43|       pointer|
|c_44                 |  out|   32|      ap_vld|                               c_44|       pointer|
|c_44_ap_vld          |  out|    1|      ap_vld|                               c_44|       pointer|
|c_45                 |  out|   32|      ap_vld|                               c_45|       pointer|
|c_45_ap_vld          |  out|    1|      ap_vld|                               c_45|       pointer|
|c_46                 |  out|   32|      ap_vld|                               c_46|       pointer|
|c_46_ap_vld          |  out|    1|      ap_vld|                               c_46|       pointer|
|c_47                 |  out|   32|      ap_vld|                               c_47|       pointer|
|c_47_ap_vld          |  out|    1|      ap_vld|                               c_47|       pointer|
|c_48                 |  out|   32|      ap_vld|                               c_48|       pointer|
|c_48_ap_vld          |  out|    1|      ap_vld|                               c_48|       pointer|
|c_49                 |  out|   32|      ap_vld|                               c_49|       pointer|
|c_49_ap_vld          |  out|    1|      ap_vld|                               c_49|       pointer|
|c_50                 |  out|   32|      ap_vld|                               c_50|       pointer|
|c_50_ap_vld          |  out|    1|      ap_vld|                               c_50|       pointer|
|c_51                 |  out|   32|      ap_vld|                               c_51|       pointer|
|c_51_ap_vld          |  out|    1|      ap_vld|                               c_51|       pointer|
|c_52                 |  out|   32|      ap_vld|                               c_52|       pointer|
|c_52_ap_vld          |  out|    1|      ap_vld|                               c_52|       pointer|
|c_53                 |  out|   32|      ap_vld|                               c_53|       pointer|
|c_53_ap_vld          |  out|    1|      ap_vld|                               c_53|       pointer|
|c_54                 |  out|   32|      ap_vld|                               c_54|       pointer|
|c_54_ap_vld          |  out|    1|      ap_vld|                               c_54|       pointer|
|c_55                 |  out|   32|      ap_vld|                               c_55|       pointer|
|c_55_ap_vld          |  out|    1|      ap_vld|                               c_55|       pointer|
|c_56                 |  out|   32|      ap_vld|                               c_56|       pointer|
|c_56_ap_vld          |  out|    1|      ap_vld|                               c_56|       pointer|
|c_57                 |  out|   32|      ap_vld|                               c_57|       pointer|
|c_57_ap_vld          |  out|    1|      ap_vld|                               c_57|       pointer|
|c_58                 |  out|   32|      ap_vld|                               c_58|       pointer|
|c_58_ap_vld          |  out|    1|      ap_vld|                               c_58|       pointer|
|c_59                 |  out|   32|      ap_vld|                               c_59|       pointer|
|c_59_ap_vld          |  out|    1|      ap_vld|                               c_59|       pointer|
|c_60                 |  out|   32|      ap_vld|                               c_60|       pointer|
|c_60_ap_vld          |  out|    1|      ap_vld|                               c_60|       pointer|
|c_61                 |  out|   32|      ap_vld|                               c_61|       pointer|
|c_61_ap_vld          |  out|    1|      ap_vld|                               c_61|       pointer|
|c_62                 |  out|   32|      ap_vld|                               c_62|       pointer|
|c_62_ap_vld          |  out|    1|      ap_vld|                               c_62|       pointer|
|c_63                 |  out|   32|      ap_vld|                               c_63|       pointer|
|c_63_ap_vld          |  out|    1|      ap_vld|                               c_63|       pointer|
|c_64                 |  out|   32|      ap_vld|                               c_64|       pointer|
|c_64_ap_vld          |  out|    1|      ap_vld|                               c_64|       pointer|
|c_65                 |  out|   32|      ap_vld|                               c_65|       pointer|
|c_65_ap_vld          |  out|    1|      ap_vld|                               c_65|       pointer|
|c_66                 |  out|   32|      ap_vld|                               c_66|       pointer|
|c_66_ap_vld          |  out|    1|      ap_vld|                               c_66|       pointer|
|c_67                 |  out|   32|      ap_vld|                               c_67|       pointer|
|c_67_ap_vld          |  out|    1|      ap_vld|                               c_67|       pointer|
|c_68                 |  out|   32|      ap_vld|                               c_68|       pointer|
|c_68_ap_vld          |  out|    1|      ap_vld|                               c_68|       pointer|
|c_69                 |  out|   32|      ap_vld|                               c_69|       pointer|
|c_69_ap_vld          |  out|    1|      ap_vld|                               c_69|       pointer|
|c_70                 |  out|   32|      ap_vld|                               c_70|       pointer|
|c_70_ap_vld          |  out|    1|      ap_vld|                               c_70|       pointer|
|c_71                 |  out|   32|      ap_vld|                               c_71|       pointer|
|c_71_ap_vld          |  out|    1|      ap_vld|                               c_71|       pointer|
|c_72                 |  out|   32|      ap_vld|                               c_72|       pointer|
|c_72_ap_vld          |  out|    1|      ap_vld|                               c_72|       pointer|
|c_73                 |  out|   32|      ap_vld|                               c_73|       pointer|
|c_73_ap_vld          |  out|    1|      ap_vld|                               c_73|       pointer|
|c_74                 |  out|   32|      ap_vld|                               c_74|       pointer|
|c_74_ap_vld          |  out|    1|      ap_vld|                               c_74|       pointer|
|c_75                 |  out|   32|      ap_vld|                               c_75|       pointer|
|c_75_ap_vld          |  out|    1|      ap_vld|                               c_75|       pointer|
|c_76                 |  out|   32|      ap_vld|                               c_76|       pointer|
|c_76_ap_vld          |  out|    1|      ap_vld|                               c_76|       pointer|
|c_77                 |  out|   32|      ap_vld|                               c_77|       pointer|
|c_77_ap_vld          |  out|    1|      ap_vld|                               c_77|       pointer|
|c_78                 |  out|   32|      ap_vld|                               c_78|       pointer|
|c_78_ap_vld          |  out|    1|      ap_vld|                               c_78|       pointer|
|c_79                 |  out|   32|      ap_vld|                               c_79|       pointer|
|c_79_ap_vld          |  out|    1|      ap_vld|                               c_79|       pointer|
|c_80                 |  out|   32|      ap_vld|                               c_80|       pointer|
|c_80_ap_vld          |  out|    1|      ap_vld|                               c_80|       pointer|
|c_81                 |  out|   32|      ap_vld|                               c_81|       pointer|
|c_81_ap_vld          |  out|    1|      ap_vld|                               c_81|       pointer|
|c_82                 |  out|   32|      ap_vld|                               c_82|       pointer|
|c_82_ap_vld          |  out|    1|      ap_vld|                               c_82|       pointer|
|c_83                 |  out|   32|      ap_vld|                               c_83|       pointer|
|c_83_ap_vld          |  out|    1|      ap_vld|                               c_83|       pointer|
|c_84                 |  out|   32|      ap_vld|                               c_84|       pointer|
|c_84_ap_vld          |  out|    1|      ap_vld|                               c_84|       pointer|
|c_85                 |  out|   32|      ap_vld|                               c_85|       pointer|
|c_85_ap_vld          |  out|    1|      ap_vld|                               c_85|       pointer|
|c_86                 |  out|   32|      ap_vld|                               c_86|       pointer|
|c_86_ap_vld          |  out|    1|      ap_vld|                               c_86|       pointer|
|c_87                 |  out|   32|      ap_vld|                               c_87|       pointer|
|c_87_ap_vld          |  out|    1|      ap_vld|                               c_87|       pointer|
|c_88                 |  out|   32|      ap_vld|                               c_88|       pointer|
|c_88_ap_vld          |  out|    1|      ap_vld|                               c_88|       pointer|
|c_89                 |  out|   32|      ap_vld|                               c_89|       pointer|
|c_89_ap_vld          |  out|    1|      ap_vld|                               c_89|       pointer|
|c_90                 |  out|   32|      ap_vld|                               c_90|       pointer|
|c_90_ap_vld          |  out|    1|      ap_vld|                               c_90|       pointer|
|c_91                 |  out|   32|      ap_vld|                               c_91|       pointer|
|c_91_ap_vld          |  out|    1|      ap_vld|                               c_91|       pointer|
|c_92                 |  out|   32|      ap_vld|                               c_92|       pointer|
|c_92_ap_vld          |  out|    1|      ap_vld|                               c_92|       pointer|
|c_93                 |  out|   32|      ap_vld|                               c_93|       pointer|
|c_93_ap_vld          |  out|    1|      ap_vld|                               c_93|       pointer|
|c_94                 |  out|   32|      ap_vld|                               c_94|       pointer|
|c_94_ap_vld          |  out|    1|      ap_vld|                               c_94|       pointer|
|c_95                 |  out|   32|      ap_vld|                               c_95|       pointer|
|c_95_ap_vld          |  out|    1|      ap_vld|                               c_95|       pointer|
|c_96                 |  out|   32|      ap_vld|                               c_96|       pointer|
|c_96_ap_vld          |  out|    1|      ap_vld|                               c_96|       pointer|
|c_97                 |  out|   32|      ap_vld|                               c_97|       pointer|
|c_97_ap_vld          |  out|    1|      ap_vld|                               c_97|       pointer|
|c_98                 |  out|   32|      ap_vld|                               c_98|       pointer|
|c_98_ap_vld          |  out|    1|      ap_vld|                               c_98|       pointer|
+---------------------+-----+-----+------------+-----------------------------------+--------------+

