

================================================================
== Vitis HLS Report for 'fir_wrap_Pipeline_VITIS_LOOP_47_2'
================================================================
* Date:           Tue Aug  9 16:07:08 2022

* Version:        2021.1 (Build 3247384 on Thu Jun 10 19:36:33 MDT 2021)
* Project:        fir_hls_prj
* Solution:       solution1 (Vivado IP Flow Target)
* Product family: zynq
* Target device:  xc7z020-clg484-1


================================================================
== Performance Estimates
================================================================
+ Timing: 
    * Summary: 
    +--------+----------+----------+------------+
    |  Clock |  Target  | Estimated| Uncertainty|
    +--------+----------+----------+------------+
    |ap_clk  |  10.00 ns|  7.300 ns|     2.70 ns|
    +--------+----------+----------+------------+

+ Latency: 
    * Summary: 
    +---------+---------+----------+----------+-----+-----+---------+
    |  Latency (cycles) |  Latency (absolute) |  Interval | Pipeline|
    |   min   |   max   |    min   |    max   | min | max |   Type  |
    +---------+---------+----------+----------+-----+-----+---------+
    |        ?|        ?|         ?|         ?|    ?|    ?|       no|
    +---------+---------+----------+----------+-----+-----+---------+

    + Detail: 
        * Instance: 
        +----------------+-------+---------+---------+-----------+-----------+-----+-----+---------+
        |                |       |  Latency (cycles) |   Latency (absolute)  |  Interval | Pipeline|
        |    Instance    | Module|   min   |   max   |    min    |    max    | min | max |   Type  |
        +----------------+-------+---------+---------+-----------+-----------+-----+-----+---------+
        |grp_fir_fu_498  |fir    |        7|        7|  70.000 ns|  70.000 ns|    1|    1|      yes|
        +----------------+-------+---------+---------+-----------+-----------+-----+-----+---------+

        * Loop: 
        +-------------------+---------+---------+----------+-----------+-----------+------+----------+
        |                   |  Latency (cycles) | Iteration|  Initiation Interval  | Trip |          |
        |     Loop Name     |   min   |   max   |  Latency |  achieved |   target  | Count| Pipelined|
        +-------------------+---------+---------+----------+-----------+-----------+------+----------+
        |- VITIS_LOOP_47_2  |        ?|        ?|        23|          1|          1|     ?|       yes|
        +-------------------+---------+---------+----------+-----------+-----------+------+----------+



================================================================
== Utilization Estimates
================================================================
* Summary: 
+-----------------+---------+-----+--------+-------+-----+
|       Name      | BRAM_18K| DSP |   FF   |  LUT  | URAM|
+-----------------+---------+-----+--------+-------+-----+
|DSP              |        -|    -|       -|      -|    -|
|Expression       |        -|    -|       0|    202|    -|
|FIFO             |        -|    -|       -|      -|    -|
|Instance         |        -|  297|   24823|   8186|    -|
|Memory           |        -|    -|       -|      -|    -|
|Multiplexer      |        -|    -|       -|     81|    -|
|Register         |        -|    -|     333|     32|    -|
+-----------------+---------+-----+--------+-------+-----+
|Total            |        0|  297|   25156|   8501|    0|
+-----------------+---------+-----+--------+-------+-----+
|Available        |      280|  220|  106400|  53200|    0|
+-----------------+---------+-----+--------+-------+-----+
|Utilization (%)  |        0|  135|      23|     15|    0|
+-----------------+---------+-----+--------+-------+-----+

+ Detail: 
    * Instance: 
    +----------------+-------+---------+-----+-------+------+-----+
    |    Instance    | Module| BRAM_18K| DSP |   FF  |  LUT | URAM|
    +----------------+-------+---------+-----+-------+------+-----+
    |grp_fir_fu_498  |fir    |        0|  297|  24823|  8186|    0|
    +----------------+-------+---------+-----+-------+------+-----+
    |Total           |       |        0|  297|  24823|  8186|    0|
    +----------------+-------+---------+-----+-------+------+-----+

    * DSP: 
    N/A

    * Memory: 
    N/A

    * FIFO: 
    N/A

    * Expression: 
    +---------------------------+----------+----+---+----+------------+------------+
    |       Variable Name       | Operation| DSP| FF| LUT| Bitwidth P0| Bitwidth P1|
    +---------------------------+----------+----+---+----+------------+------------+
    |add_ln50_fu_933_p2         |         +|   0|  0|  70|          63|          63|
    |add_ln51_fu_949_p2         |         +|   0|  0|  70|          63|          63|
    |i_2_fu_923_p2              |         +|   0|  0|  38|          31|           1|
    |icmp_ln47_fu_917_p2        |      icmp|   0|  0|  18|          32|          32|
    |ap_block_pp0_stage0_01001  |        or|   0|  0|   2|           1|           1|
    |ap_block_pp0_stage0_11001  |        or|   0|  0|   2|           1|           1|
    |ap_enable_pp0              |       xor|   0|  0|   2|           1|           2|
    +---------------------------+----------+----+---+----+------------+------------+
    |Total                      |          |   0|  0| 202|         192|         163|
    +---------------------------+----------+----+---+----+------------+------------+

    * Multiplexer: 
    +-------------------------+----+-----------+-----+-----------+
    |           Name          | LUT| Input Size| Bits| Total Bits|
    +-------------------------+----+-----------+-----+-----------+
    |ap_done_int              |   9|          2|    1|          2|
    |ap_enable_reg_pp0_iter1  |   9|          2|    1|          2|
    |ap_sig_allocacmp_i_1     |   9|          2|   31|         62|
    |gmem_blk_n_AR            |   9|          2|    1|          2|
    |gmem_blk_n_AW            |   9|          2|    1|          2|
    |gmem_blk_n_B             |   9|          2|    1|          2|
    |gmem_blk_n_R             |   9|          2|    1|          2|
    |gmem_blk_n_W             |   9|          2|    1|          2|
    |i_fu_448                 |   9|          2|   31|         62|
    +-------------------------+----+-----------+-----+-----------+
    |Total                    |  81|         18|   69|        138|
    +-------------------------+----+-----------+-----+-----------+

    * Register: 
    +-----------------------------------+----+----+-----+-----------+
    |                Name               | FF | LUT| Bits| Const Bits|
    +-----------------------------------+----+----+-----+-----------+
    |ap_CS_fsm                          |   1|   0|    1|          0|
    |ap_done_reg                        |   1|   0|    1|          0|
    |ap_enable_reg_pp0_iter1            |   1|   0|    1|          0|
    |ap_enable_reg_pp0_iter10           |   1|   0|    1|          0|
    |ap_enable_reg_pp0_iter11           |   1|   0|    1|          0|
    |ap_enable_reg_pp0_iter12           |   1|   0|    1|          0|
    |ap_enable_reg_pp0_iter13           |   1|   0|    1|          0|
    |ap_enable_reg_pp0_iter14           |   1|   0|    1|          0|
    |ap_enable_reg_pp0_iter15           |   1|   0|    1|          0|
    |ap_enable_reg_pp0_iter16           |   1|   0|    1|          0|
    |ap_enable_reg_pp0_iter17           |   1|   0|    1|          0|
    |ap_enable_reg_pp0_iter18           |   1|   0|    1|          0|
    |ap_enable_reg_pp0_iter19           |   1|   0|    1|          0|
    |ap_enable_reg_pp0_iter2            |   1|   0|    1|          0|
    |ap_enable_reg_pp0_iter20           |   1|   0|    1|          0|
    |ap_enable_reg_pp0_iter21           |   1|   0|    1|          0|
    |ap_enable_reg_pp0_iter22           |   1|   0|    1|          0|
    |ap_enable_reg_pp0_iter3            |   1|   0|    1|          0|
    |ap_enable_reg_pp0_iter4            |   1|   0|    1|          0|
    |ap_enable_reg_pp0_iter5            |   1|   0|    1|          0|
    |ap_enable_reg_pp0_iter6            |   1|   0|    1|          0|
    |ap_enable_reg_pp0_iter7            |   1|   0|    1|          0|
    |ap_enable_reg_pp0_iter8            |   1|   0|    1|          0|
    |ap_enable_reg_pp0_iter9            |   1|   0|    1|          0|
    |ap_loop_exit_ready_pp0_iter10_reg  |   1|   0|    1|          0|
    |ap_loop_exit_ready_pp0_iter11_reg  |   1|   0|    1|          0|
    |ap_loop_exit_ready_pp0_iter12_reg  |   1|   0|    1|          0|
    |ap_loop_exit_ready_pp0_iter13_reg  |   1|   0|    1|          0|
    |ap_loop_exit_ready_pp0_iter14_reg  |   1|   0|    1|          0|
    |ap_loop_exit_ready_pp0_iter15_reg  |   1|   0|    1|          0|
    |ap_loop_exit_ready_pp0_iter16_reg  |   1|   0|    1|          0|
    |ap_loop_exit_ready_pp0_iter17_reg  |   1|   0|    1|          0|
    |ap_loop_exit_ready_pp0_iter18_reg  |   1|   0|    1|          0|
    |ap_loop_exit_ready_pp0_iter19_reg  |   1|   0|    1|          0|
    |ap_loop_exit_ready_pp0_iter1_reg   |   1|   0|    1|          0|
    |ap_loop_exit_ready_pp0_iter20_reg  |   1|   0|    1|          0|
    |ap_loop_exit_ready_pp0_iter21_reg  |   1|   0|    1|          0|
    |ap_loop_exit_ready_pp0_iter2_reg   |   1|   0|    1|          0|
    |ap_loop_exit_ready_pp0_iter3_reg   |   1|   0|    1|          0|
    |ap_loop_exit_ready_pp0_iter4_reg   |   1|   0|    1|          0|
    |ap_loop_exit_ready_pp0_iter5_reg   |   1|   0|    1|          0|
    |ap_loop_exit_ready_pp0_iter6_reg   |   1|   0|    1|          0|
    |ap_loop_exit_ready_pp0_iter7_reg   |   1|   0|    1|          0|
    |ap_loop_exit_ready_pp0_iter8_reg   |   1|   0|    1|          0|
    |ap_loop_exit_ready_pp0_iter9_reg   |   1|   0|    1|          0|
    |gmem_addr_1_reg_987                |  64|   0|   64|          0|
    |gmem_addr_read_reg_993             |  32|   0|   32|          0|
    |gmem_addr_reg_981                  |  64|   0|   64|          0|
    |grp_fir_fu_498_ap_start_reg        |   1|   0|    1|          0|
    |i_fu_448                           |  31|   0|   31|          0|
    |res_reg_998                        |  32|   0|   32|          0|
    |gmem_addr_1_reg_987                |  64|  32|   64|          0|
    +-----------------------------------+----+----+-----+-----------+
    |Total                              | 333|  32|  333|          0|
    +-----------------------------------+----+----+-----+-----------+



================================================================
== Interface
================================================================
* Summary: 
+---------------------+-----+-----+------------+-----------------------------------+--------------+
|      RTL Ports      | Dir | Bits|  Protocol  |           Source Object           |    C Type    |
+---------------------+-----+-----+------------+-----------------------------------+--------------+
|ap_clk               |   in|    1|  ap_ctrl_hs|  fir_wrap_Pipeline_VITIS_LOOP_47_2|  return value|
|ap_rst               |   in|    1|  ap_ctrl_hs|  fir_wrap_Pipeline_VITIS_LOOP_47_2|  return value|
|ap_start             |   in|    1|  ap_ctrl_hs|  fir_wrap_Pipeline_VITIS_LOOP_47_2|  return value|
|ap_done              |  out|    1|  ap_ctrl_hs|  fir_wrap_Pipeline_VITIS_LOOP_47_2|  return value|
|ap_idle              |  out|    1|  ap_ctrl_hs|  fir_wrap_Pipeline_VITIS_LOOP_47_2|  return value|
|ap_ready             |  out|    1|  ap_ctrl_hs|  fir_wrap_Pipeline_VITIS_LOOP_47_2|  return value|
|m_axi_gmem_AWVALID   |  out|    1|       m_axi|                               gmem|       pointer|
|m_axi_gmem_AWREADY   |   in|    1|       m_axi|                               gmem|       pointer|
|m_axi_gmem_AWADDR    |  out|   64|       m_axi|                               gmem|       pointer|
|m_axi_gmem_AWID      |  out|    1|       m_axi|                               gmem|       pointer|
|m_axi_gmem_AWLEN     |  out|   32|       m_axi|                               gmem|       pointer|
|m_axi_gmem_AWSIZE    |  out|    3|       m_axi|                               gmem|       pointer|
|m_axi_gmem_AWBURST   |  out|    2|       m_axi|                               gmem|       pointer|
|m_axi_gmem_AWLOCK    |  out|    2|       m_axi|                               gmem|       pointer|
|m_axi_gmem_AWCACHE   |  out|    4|       m_axi|                               gmem|       pointer|
|m_axi_gmem_AWPROT    |  out|    3|       m_axi|                               gmem|       pointer|
|m_axi_gmem_AWQOS     |  out|    4|       m_axi|                               gmem|       pointer|
|m_axi_gmem_AWREGION  |  out|    4|       m_axi|                               gmem|       pointer|
|m_axi_gmem_AWUSER    |  out|    1|       m_axi|                               gmem|       pointer|
|m_axi_gmem_WVALID    |  out|    1|       m_axi|                               gmem|       pointer|
|m_axi_gmem_WREADY    |   in|    1|       m_axi|                               gmem|       pointer|
|m_axi_gmem_WDATA     |  out|   32|       m_axi|                               gmem|       pointer|
|m_axi_gmem_WSTRB     |  out|    4|       m_axi|                               gmem|       pointer|
|m_axi_gmem_WLAST     |  out|    1|       m_axi|                               gmem|       pointer|
|m_axi_gmem_WID       |  out|    1|       m_axi|                               gmem|       pointer|
|m_axi_gmem_WUSER     |  out|    1|       m_axi|                               gmem|       pointer|
|m_axi_gmem_ARVALID   |  out|    1|       m_axi|                               gmem|       pointer|
|m_axi_gmem_ARREADY   |   in|    1|       m_axi|                               gmem|       pointer|
|m_axi_gmem_ARADDR    |  out|   64|       m_axi|                               gmem|       pointer|
|m_axi_gmem_ARID      |  out|    1|       m_axi|                               gmem|       pointer|
|m_axi_gmem_ARLEN     |  out|   32|       m_axi|                               gmem|       pointer|
|m_axi_gmem_ARSIZE    |  out|    3|       m_axi|                               gmem|       pointer|
|m_axi_gmem_ARBURST   |  out|    2|       m_axi|                               gmem|       pointer|
|m_axi_gmem_ARLOCK    |  out|    2|       m_axi|                               gmem|       pointer|
|m_axi_gmem_ARCACHE   |  out|    4|       m_axi|                               gmem|       pointer|
|m_axi_gmem_ARPROT    |  out|    3|       m_axi|                               gmem|       pointer|
|m_axi_gmem_ARQOS     |  out|    4|       m_axi|                               gmem|       pointer|
|m_axi_gmem_ARREGION  |  out|    4|       m_axi|                               gmem|       pointer|
|m_axi_gmem_ARUSER    |  out|    1|       m_axi|                               gmem|       pointer|
|m_axi_gmem_RVALID    |   in|    1|       m_axi|                               gmem|       pointer|
|m_axi_gmem_RREADY    |  out|    1|       m_axi|                               gmem|       pointer|
|m_axi_gmem_RDATA     |   in|   32|       m_axi|                               gmem|       pointer|
|m_axi_gmem_RLAST     |   in|    1|       m_axi|                               gmem|       pointer|
|m_axi_gmem_RID       |   in|    1|       m_axi|                               gmem|       pointer|
|m_axi_gmem_RUSER     |   in|    1|       m_axi|                               gmem|       pointer|
|m_axi_gmem_RRESP     |   in|    2|       m_axi|                               gmem|       pointer|
|m_axi_gmem_BVALID    |   in|    1|       m_axi|                               gmem|       pointer|
|m_axi_gmem_BREADY    |  out|    1|       m_axi|                               gmem|       pointer|
|m_axi_gmem_BRESP     |   in|    2|       m_axi|                               gmem|       pointer|
|m_axi_gmem_BID       |   in|    1|       m_axi|                               gmem|       pointer|
|m_axi_gmem_BUSER     |   in|    1|       m_axi|                               gmem|       pointer|
|len                  |   in|   32|     ap_none|                                len|        scalar|
|sext_ln47            |   in|   62|     ap_none|                          sext_ln47|        scalar|
|sext_ln47_1          |   in|   62|     ap_none|                        sext_ln47_1|        scalar|
|c_0                  |   in|   32|     ap_none|                                c_0|       pointer|
|c_98                 |   in|   32|     ap_none|                               c_98|       pointer|
|c_97                 |   in|   32|     ap_none|                               c_97|       pointer|
|c_96                 |   in|   32|     ap_none|                               c_96|       pointer|
|c_95                 |   in|   32|     ap_none|                               c_95|       pointer|
|c_94                 |   in|   32|     ap_none|                               c_94|       pointer|
|c_93                 |   in|   32|     ap_none|                               c_93|       pointer|
|c_92                 |   in|   32|     ap_none|                               c_92|       pointer|
|c_91                 |   in|   32|     ap_none|                               c_91|       pointer|
|c_90                 |   in|   32|     ap_none|                               c_90|       pointer|
|c_89                 |   in|   32|     ap_none|                               c_89|       pointer|
|c_88                 |   in|   32|     ap_none|                               c_88|       pointer|
|c_87                 |   in|   32|     ap_none|                               c_87|       pointer|
|c_86                 |   in|   32|     ap_none|                               c_86|       pointer|
|c_85                 |   in|   32|     ap_none|                               c_85|       pointer|
|c_84                 |   in|   32|     ap_none|                               c_84|       pointer|
|c_83                 |   in|   32|     ap_none|                               c_83|       pointer|
|c_82                 |   in|   32|     ap_none|                               c_82|       pointer|
|c_81                 |   in|   32|     ap_none|                               c_81|       pointer|
|c_80                 |   in|   32|     ap_none|                               c_80|       pointer|
|c_79                 |   in|   32|     ap_none|                               c_79|       pointer|
|c_78                 |   in|   32|     ap_none|                               c_78|       pointer|
|c_77                 |   in|   32|     ap_none|                               c_77|       pointer|
|c_76                 |   in|   32|     ap_none|                               c_76|       pointer|
|c_75                 |   in|   32|     ap_none|                               c_75|       pointer|
|c_74                 |   in|   32|     ap_none|                               c_74|       pointer|
|c_73                 |   in|   32|     ap_none|                               c_73|       pointer|
|c_72                 |   in|   32|     ap_none|                               c_72|       pointer|
|c_71                 |   in|   32|     ap_none|                               c_71|       pointer|
|c_70                 |   in|   32|     ap_none|                               c_70|       pointer|
|c_69                 |   in|   32|     ap_none|                               c_69|       pointer|
|c_68                 |   in|   32|     ap_none|                               c_68|       pointer|
|c_67                 |   in|   32|     ap_none|                               c_67|       pointer|
|c_66                 |   in|   32|     ap_none|                               c_66|       pointer|
|c_65                 |   in|   32|     ap_none|                               c_65|       pointer|
|c_64                 |   in|   32|     ap_none|                               c_64|       pointer|
|c_63                 |   in|   32|     ap_none|                               c_63|       pointer|
|c_62                 |   in|   32|     ap_none|                               c_62|       pointer|
|c_61                 |   in|   32|     ap_none|                               c_61|       pointer|
|c_60                 |   in|   32|     ap_none|                               c_60|       pointer|
|c_59                 |   in|   32|     ap_none|                               c_59|       pointer|
|c_58                 |   in|   32|     ap_none|                               c_58|       pointer|
|c_57                 |   in|   32|     ap_none|                               c_57|       pointer|
|c_56                 |   in|   32|     ap_none|                               c_56|       pointer|
|c_55                 |   in|   32|     ap_none|                               c_55|       pointer|
|c_54                 |   in|   32|     ap_none|                               c_54|       pointer|
|c_53                 |   in|   32|     ap_none|                               c_53|       pointer|
|c_52                 |   in|   32|     ap_none|                               c_52|       pointer|
|c_51                 |   in|   32|     ap_none|                               c_51|       pointer|
|c_50                 |   in|   32|     ap_none|                               c_50|       pointer|
|c_49                 |   in|   32|     ap_none|                               c_49|       pointer|
|c_48                 |   in|   32|     ap_none|                               c_48|       pointer|
|c_47                 |   in|   32|     ap_none|                               c_47|       pointer|
|c_46                 |   in|   32|     ap_none|                               c_46|       pointer|
|c_45                 |   in|   32|     ap_none|                               c_45|       pointer|
|c_44                 |   in|   32|     ap_none|                               c_44|       pointer|
|c_43                 |   in|   32|     ap_none|                               c_43|       pointer|
|c_42                 |   in|   32|     ap_none|                               c_42|       pointer|
|c_41                 |   in|   32|     ap_none|                               c_41|       pointer|
|c_40                 |   in|   32|     ap_none|                               c_40|       pointer|
|c_39                 |   in|   32|     ap_none|                               c_39|       pointer|
|c_38                 |   in|   32|     ap_none|                               c_38|       pointer|
|c_37                 |   in|   32|     ap_none|                               c_37|       pointer|
|c_36                 |   in|   32|     ap_none|                               c_36|       pointer|
|c_35                 |   in|   32|     ap_none|                               c_35|       pointer|
|c_34                 |   in|   32|     ap_none|                               c_34|       pointer|
|c_33                 |   in|   32|     ap_none|                               c_33|       pointer|
|c_32                 |   in|   32|     ap_none|                               c_32|       pointer|
|c_31                 |   in|   32|     ap_none|                               c_31|       pointer|
|c_30                 |   in|   32|     ap_none|                               c_30|       pointer|
|c_29                 |   in|   32|     ap_none|                               c_29|       pointer|
|c_28                 |   in|   32|     ap_none|                               c_28|       pointer|
|c_27                 |   in|   32|     ap_none|                               c_27|       pointer|
|c_26                 |   in|   32|     ap_none|                               c_26|       pointer|
|c_25                 |   in|   32|     ap_none|                               c_25|       pointer|
|c_24                 |   in|   32|     ap_none|                               c_24|       pointer|
|c_23                 |   in|   32|     ap_none|                               c_23|       pointer|
|c_22                 |   in|   32|     ap_none|                               c_22|       pointer|
|c_21                 |   in|   32|     ap_none|                               c_21|       pointer|
|c_20                 |   in|   32|     ap_none|                               c_20|       pointer|
|c_19                 |   in|   32|     ap_none|                               c_19|       pointer|
|c_18                 |   in|   32|     ap_none|                               c_18|       pointer|
|c_17                 |   in|   32|     ap_none|                               c_17|       pointer|
|c_16                 |   in|   32|     ap_none|                               c_16|       pointer|
|c_15                 |   in|   32|     ap_none|                               c_15|       pointer|
|c_14                 |   in|   32|     ap_none|                               c_14|       pointer|
|c_13                 |   in|   32|     ap_none|                               c_13|       pointer|
|c_12                 |   in|   32|     ap_none|                               c_12|       pointer|
|c_11                 |   in|   32|     ap_none|                               c_11|       pointer|
|c_10                 |   in|   32|     ap_none|                               c_10|       pointer|
|c_9                  |   in|   32|     ap_none|                                c_9|       pointer|
|c_8                  |   in|   32|     ap_none|                                c_8|       pointer|
|c_7                  |   in|   32|     ap_none|                                c_7|       pointer|
|c_6                  |   in|   32|     ap_none|                                c_6|       pointer|
|c_5                  |   in|   32|     ap_none|                                c_5|       pointer|
|c_4                  |   in|   32|     ap_none|                                c_4|       pointer|
|c_3                  |   in|   32|     ap_none|                                c_3|       pointer|
|c_2                  |   in|   32|     ap_none|                                c_2|       pointer|
|c_1                  |   in|   32|     ap_none|                                c_1|       pointer|
+---------------------+-----+-----+------------+-----------------------------------+--------------+

